2025-08-20 12:04:06 | petfinder_original |     INFO | setup_professional_logging:63 | ================================================================================
2025-08-20 12:04:06 | petfinder_original |     INFO | setup_professional_logging:64 | 🚀 INICIANDO EXPERIMENTO: petfinder - original
2025-08-20 12:04:06 | petfinder_original |     INFO | setup_professional_logging:65 | 📁 Log file: ../logs/petfinder/original_20250820_120406.log
2025-08-20 12:04:06 | petfinder_original |     INFO | setup_professional_logging:66 | 🕐 Timestamp: 2025-08-20 12:04:06
2025-08-20 12:04:06 | petfinder_original |     INFO | setup_professional_logging:67 | ================================================================================
2025-08-20 12:04:06 | petfinder_original |     INFO | <module>:75 | 📊 Configuración del experimento:
2025-08-20 12:04:06 | petfinder_original |     INFO | <module>:76 |    ├── Proyecto: petfinder
2025-08-20 12:04:06 | petfinder_original |     INFO | <module>:77 |    ├── Experimento: original
2025-08-20 12:04:06 | petfinder_original |     INFO | <module>:78 |    └── Ciclos de entrenamiento: 2
2025-08-20 12:04:07 | petfinder_original |     INFO | <module>:46 | 📂 Experimento MLflow existente: petfinder_original
2025-08-20 12:04:07 | petfinder_original |     INFO | <module>:49 | 🔬 MLFLOW CONFIGURADO
2025-08-20 12:04:07 | petfinder_original |     INFO | <module>:50 |    ├── Tracking URI: file:///Users/alejandro/Documents/Austral/GitHub/UA_MDM_Labo2/work/mlruns
2025-08-20 12:04:07 | petfinder_original |     INFO | <module>:51 |    ├── Experimento: petfinder_original
2025-08-20 12:04:07 | petfinder_original |     INFO | <module>:52 |    └── Experiment ID: 162465273007525882
2025-08-20 12:04:07 | petfinder_original |     INFO | <module>:59 | 🔍 ANÁLISIS DEL SISTEMA DE CÓMPUTO
2025-08-20 12:04:07 | petfinder_original |     INFO | <module>:60 |    ├── PyTorch version: 2.8.0
2025-08-20 12:04:07 | petfinder_original |     INFO | <module>:61 |    ├── CUDA disponible: False
2025-08-20 12:04:07 | petfinder_original |     INFO | <module>:62 |    ├── MPS disponible: True
2025-08-20 12:04:07 | petfinder_original |     INFO | <module>:63 |    └── Núcleos CPU: 10
2025-08-20 12:04:07 | petfinder_original |     INFO | <module>:2 | 🧠 CONFIGURACIÓN DEL MODELO
2025-08-20 12:04:07 | petfinder_original |     INFO | <module>:3 |    ├── Cargando ResNet50 preentrenado...
2025-08-20 12:04:07 | petfinder_original |     INFO | <module>:6 |    ├── ✅ ResNet50 cargado exitosamente
2025-08-20 12:04:07 | petfinder_original |     INFO | <module>:11 |    ├── Capa final modificada: 2048 → 5 clases
2025-08-20 12:04:07 | petfinder_original |     INFO | <module>:16 |    ├── Detectando dispositivo óptimo...
2025-08-20 12:04:07 | petfinder_original |     INFO | <module>:21 |    ├── 🚀 Dispositivo seleccionado: MPS (Apple Silicon GPU)
2025-08-20 12:04:07 | petfinder_original |     INFO | <module>:32 |    └── Dispositivo final: mps
2025-08-20 12:04:07 | petfinder_original |     INFO | <module>:34 |    ├── Transfiriendo modelo al dispositivo...
2025-08-20 12:04:07 | petfinder_original |     INFO | <module>:36 |    ├── ✅ Modelo transferido exitosamente
2025-08-20 12:04:07 | petfinder_original |     INFO | <module>:40 |    └── ✅ Criterio de pérdida configurado: CrossEntropyLoss
2025-08-20 12:04:07 | petfinder_original |     INFO | <module>:20 | ⚙️  CONFIGURACIÓN DE PARÁMETROS
2025-08-20 12:04:07 | petfinder_original |     INFO | <module>:21 |    ├── Modelo: 05 ResNet v1.0.0
2025-08-20 12:04:07 | petfinder_original |     INFO | <module>:22 |    ├── Batch size: 50
2025-08-20 12:04:07 | petfinder_original |     INFO | <module>:23 |    ├── Test size: 0.2 (20.0%)
2025-08-20 12:04:07 | petfinder_original |     INFO | <module>:24 |    ├── Tamaño de imagen: 299x299
2025-08-20 12:04:07 | petfinder_original |     INFO | <module>:25 |    ├── Semilla aleatoria: 42
2025-08-20 12:04:07 | petfinder_original |     INFO | <module>:26 |    ├── CPU cores disponibles: 10
2025-08-20 12:04:07 | petfinder_original |     INFO | <module>:27 |    └── Crear directorios PyTorch: Sí
2025-08-20 12:04:07 | petfinder_original |     INFO | <module>:29 | 📁 CONFIGURACIÓN DE RUTAS
2025-08-20 12:04:07 | petfinder_original |     INFO | <module>:30 |    ├── BASE_DIR: ../
2025-08-20 12:04:07 | petfinder_original |     INFO | <module>:31 |    ├── CSV de entrenamiento: ../input/petfinder-adoption-prediction/train/train.csv
2025-08-20 12:04:07 | petfinder_original |     INFO | <module>:32 |    ├── Directorio de imágenes: ../input/petfinder-adoption-prediction/train_images
2025-08-20 12:04:07 | petfinder_original |     INFO | <module>:33 |    ├── Archivos temporales: ../work/petfinder/optuna_temp_artifacts
2025-08-20 12:04:07 | petfinder_original |     INFO | <module>:34 |    └── Artefactos Optuna: ../work/petfinder/optuna_artifacts
2025-08-20 12:04:07 | petfinder_original |     INFO | <module>:60 | 📂 DIRECTORIOS DE TRABAJO CREADOS
2025-08-20 12:04:07 | petfinder_original |     INFO | <module>:61 |    ├── Entrenamiento: ../work/train_images_classes
2025-08-20 12:04:07 | petfinder_original |     INFO | <module>:62 |    ├── Validación: ../work/val_images_classes
2025-08-20 12:04:07 | petfinder_original |     INFO | <module>:63 |    ├── Archivos temporales: ../work/petfinder/optuna_temp_artifacts
2025-08-20 12:04:07 | petfinder_original |     INFO | <module>:64 |    └── Artefactos Optuna: ../work/petfinder/optuna_artifacts
2025-08-20 12:04:07 | petfinder_original |     INFO | <module>:68 | 🏷️  CLASES DEFINIDAS: ['0', '1', '2', '3', '4']
2025-08-20 12:04:08 | petfinder_original |     INFO | <module>:35 | 🔄 CREANDO DATALOADERS
2025-08-20 12:04:08 | petfinder_original |     INFO | <module>:36 |    ├── Directorio entrenamiento: ../work/train_images_classes
2025-08-20 12:04:08 | petfinder_original |     INFO | <module>:37 |    ├── Directorio validación: ../work/val_images_classes
2025-08-20 12:04:08 | petfinder_original |     INFO | <module>:38 |    ├── Batch size: 50
2025-08-20 12:04:08 | petfinder_original |     INFO | <module>:39 |    └── Workers: 10
2025-08-20 12:04:08 | petfinder_original |     INFO | <module>:43 |    ├── ✅ DataLoaders creados exitosamente
2025-08-20 12:04:08 | petfinder_original |     INFO | <module>:44 |    ├── Batches de entrenamiento: 235
2025-08-20 12:04:08 | petfinder_original |     INFO | <module>:45 |    ├── Batches de validación: 59
2025-08-20 12:04:08 | petfinder_original |     INFO | <module>:46 |    ├── Muestras de entrenamiento: 11721
2025-08-20 12:04:08 | petfinder_original |     INFO | <module>:47 |    └── Muestras de validación: 2931
2025-08-20 12:04:08 | petfinder_original |     INFO | <module>:4 | 🆔 IDs DE MUESTRAS EXTRAÍDOS
2025-08-20 12:04:08 | petfinder_original |     INFO | <module>:5 |    ├── Total IDs extraídos: 2931
2025-08-20 12:04:08 | petfinder_original |     INFO | <module>:6 |    ├── Primeros 5 IDs: ['015da9e87', '022606901', '02f89bdcb', '0cf7fae9d', '0e922caab']
2025-08-20 12:04:08 | petfinder_original |     INFO | <module>:7 |    └── Últimos 5 IDs: ['ff2cf88a0', 'ff498c903', 'ff50c6171', 'ff5e30380', 'ffa5c6c35']
2025-08-20 12:04:08 | petfinder_original |     INFO | train_val:5 | ================================================================================
2025-08-20 12:04:08 | petfinder_original |     INFO | train_val:6 | 🚀 INICIANDO ENTRENAMIENTO - Entrenamiento único
2025-08-20 12:04:08 | petfinder_original |     INFO | train_val:7 |    ├── Learning rate: 0.001
2025-08-20 12:04:08 | petfinder_original |     INFO | train_val:8 |    ├── Momentum: 0.9
2025-08-20 12:04:08 | petfinder_original |     INFO | train_val:9 |    ├── Épocas: 2
2025-08-20 12:04:08 | petfinder_original |     INFO | train_val:10 |    ├── Dispositivo: mps
2025-08-20 12:04:08 | petfinder_original |     INFO | train_val:11 |    ├── Tamaño entrenamiento: 11994 muestras
2025-08-20 12:04:08 | petfinder_original |     INFO | train_val:12 |    └── Tamaño validación: 2999 muestras
2025-08-20 12:04:08 | petfinder_original |     INFO | train_val:69 | 
2025-08-20 12:04:08 | petfinder_original |     INFO | train_val:70 | 📊 ÉPOCA 1/2
2025-08-20 12:04:08 | petfinder_original |     INFO | train_val:71 |    └── Tiempo actual: 12:04:08
2025-08-20 12:24:26 | petfinder_original |     INFO | train_val:160 |       ├── 📈 TRAIN completado en 1218.0s
2025-08-20 12:24:26 | petfinder_original |     INFO | train_val:161 |       ├── Loss: 1.422175
2025-08-20 12:24:26 | petfinder_original |     INFO | train_val:162 |       ├── Accuracy: 30.31%
2025-08-20 12:24:26 | petfinder_original |     INFO | train_val:166 |       └── Kappa: N/A (entrenamiento)
2025-08-20 12:27:46 | petfinder_original |     INFO | train_val:160 |       ├── 📈 VAL completado en 199.5s
2025-08-20 12:27:46 | petfinder_original |     INFO | train_val:161 |       ├── Loss: 1.386392
2025-08-20 12:27:46 | petfinder_original |     INFO | train_val:162 |       ├── Accuracy: 32.91%
2025-08-20 12:27:46 | petfinder_original |     INFO | train_val:164 |       └── Kappa: 0.269312
2025-08-20 12:27:46 | petfinder_original |     INFO | train_val:184 |       🏆 ¡NUEVO MEJOR MODELO!
2025-08-20 12:27:46 | petfinder_original |     INFO | train_val:185 |          ├── Mejor Accuracy: 32.91%
2025-08-20 12:27:46 | petfinder_original |     INFO | train_val:186 |          └── Mejor Kappa: 0.269312
2025-08-20 12:27:46 | petfinder_original |     INFO | train_val:220 |    ⏱️  Época 1 completada en 1418.6s
2025-08-20 12:27:46 | petfinder_original |     INFO | train_val:69 | 
2025-08-20 12:27:46 | petfinder_original |     INFO | train_val:70 | 📊 ÉPOCA 2/2
2025-08-20 12:27:46 | petfinder_original |     INFO | train_val:71 |    └── Tiempo actual: 12:27:46
2025-08-20 12:50:50 | petfinder_original |     INFO | train_val:160 |       ├── 📈 TRAIN completado en 1383.2s
2025-08-20 12:50:50 | petfinder_original |     INFO | train_val:161 |       ├── Loss: 1.367178
2025-08-20 12:50:50 | petfinder_original |     INFO | train_val:162 |       ├── Accuracy: 35.11%
2025-08-20 12:50:50 | petfinder_original |     INFO | train_val:166 |       └── Kappa: N/A (entrenamiento)
2025-08-20 12:53:34 | petfinder_original |     INFO | train_val:160 |       ├── 📈 VAL completado en 164.4s
2025-08-20 12:53:34 | petfinder_original |     INFO | train_val:161 |       ├── Loss: 1.369348
2025-08-20 12:53:34 | petfinder_original |     INFO | train_val:162 |       ├── Accuracy: 34.78%
2025-08-20 12:53:34 | petfinder_original |     INFO | train_val:164 |       └── Kappa: 0.290388
2025-08-20 12:53:34 | petfinder_original |     INFO | train_val:184 |       🏆 ¡NUEVO MEJOR MODELO!
2025-08-20 12:53:34 | petfinder_original |     INFO | train_val:185 |          ├── Mejor Accuracy: 34.78%
2025-08-20 12:53:34 | petfinder_original |     INFO | train_val:186 |          └── Mejor Kappa: 0.290388
2025-08-20 12:53:34 | petfinder_original |     INFO | train_val:220 |    ⏱️  Época 2 completada en 1548.0s
2025-08-20 12:53:34 | petfinder_original |     INFO | train_val:227 | 
2025-08-20 12:53:34 | petfinder_original |     INFO | train_val:228 | 🏁 ENTRENAMIENTO COMPLETADO
2025-08-20 12:53:34 | petfinder_original |     INFO | train_val:229 |    ├── ⏱️  Tiempo total: 49m 27s
2025-08-20 12:53:34 | petfinder_original |     INFO | train_val:230 |    ├── 🎯 Mejor Accuracy: 34.78%
2025-08-20 12:53:34 | petfinder_original |     INFO | train_val:231 |    ├── 🏆 Mejor Kappa: 0.290388
2025-08-20 12:53:34 | petfinder_original |     INFO | train_val:236 |    └── Entrenamiento único finalizado
2025-08-20 12:53:34 | petfinder_original |     INFO | <module>:309 | 💾 GUARDANDO MODELO FINAL
2025-08-20 12:53:35 | petfinder_original |     INFO | <module>:316 |    └── ✅ Modelo guardado: ../work/petfinder/optuna_temp_artifacts/05 ResNet_1.0.0_20250820_125334.pth
2025-08-20 12:53:43 | petfinder_original |     INFO | <module>:332 |    └── ✅ Modelo final registrado en MLflow con signatura
2025-08-20 12:53:43 | petfinder_original |     INFO | <module>:1 | 🔍 INICIANDO OPTIMIZACIÓN OPTUNA
2025-08-20 12:53:43 | petfinder_original |     INFO | <module>:2 |    ├── Proyecto: petfinder
2025-08-20 12:53:43 | petfinder_original |     INFO | <module>:3 |    ├── Modelo: 05 ResNet_1.0.0
2025-08-20 12:53:43 | petfinder_original |     INFO | <module>:4 |    ├── Base de datos: ../work/petfinder/db.sqlite3
2025-08-20 12:53:43 | petfinder_original |     INFO | <module>:5 |    └── Número de trials: 20
2025-08-20 12:53:45 | petfinder_original |     INFO | <module>:25 | 🚀 Comenzando optimización...
2025-08-20 12:53:45 | petfinder_original |     INFO | optuna_train:6 | ============================================================
2025-08-20 12:53:45 | petfinder_original |     INFO | optuna_train:7 | 🔬 INICIANDO OPTUNA TRIAL #20
2025-08-20 12:53:45 | petfinder_original |     INFO | optuna_train:13 |    ├── Hiperparámetros sugeridos:
2025-08-20 12:53:45 | petfinder_original |     INFO | optuna_train:14 |    ├──   Epochs: 2
2025-08-20 12:53:45 | petfinder_original |     INFO | optuna_train:15 |    ├──   Learning Rate: 0.015796
2025-08-20 12:53:45 | petfinder_original |     INFO | optuna_train:16 |    └──   Momentum: 0.5262
2025-08-20 12:53:45 | petfinder_original |     INFO | train_val:5 | ================================================================================
2025-08-20 12:53:45 | petfinder_original |     INFO | train_val:6 | 🚀 INICIANDO ENTRENAMIENTO - Trial 20
2025-08-20 12:53:45 | petfinder_original |     INFO | train_val:7 |    ├── Learning rate: 0.01579622847726678
2025-08-20 12:53:45 | petfinder_original |     INFO | train_val:8 |    ├── Momentum: 0.5261940174975408
2025-08-20 12:53:45 | petfinder_original |     INFO | train_val:9 |    ├── Épocas: 2
2025-08-20 12:53:45 | petfinder_original |     INFO | train_val:10 |    ├── Dispositivo: mps
2025-08-20 12:53:45 | petfinder_original |     INFO | train_val:11 |    ├── Tamaño entrenamiento: 11994 muestras
2025-08-20 12:53:45 | petfinder_original |     INFO | train_val:12 |    └── Tamaño validación: 2999 muestras
2025-08-20 12:53:45 | petfinder_original |     INFO | train_val:69 | 
2025-08-20 12:53:45 | petfinder_original |     INFO | train_val:70 | 📊 ÉPOCA 1/2
2025-08-20 12:53:45 | petfinder_original |     INFO | train_val:71 |    └── Tiempo actual: 12:53:45
2025-08-20 13:13:43 | petfinder_original |     INFO | train_val:160 |       ├── 📈 TRAIN completado en 1197.8s
2025-08-20 13:13:43 | petfinder_original |     INFO | train_val:161 |       ├── Loss: 1.342390
2025-08-20 13:13:43 | petfinder_original |     INFO | train_val:162 |       ├── Accuracy: 36.76%
2025-08-20 13:13:43 | petfinder_original |     INFO | train_val:166 |       └── Kappa: N/A (entrenamiento)
2025-08-20 13:16:39 | petfinder_original |     INFO | train_val:160 |       ├── 📈 VAL completado en 176.4s
2025-08-20 13:16:39 | petfinder_original |     INFO | train_val:161 |       ├── Loss: 1.358459
2025-08-20 13:16:39 | petfinder_original |     INFO | train_val:162 |       ├── Accuracy: 35.78%
2025-08-20 13:16:39 | petfinder_original |     INFO | train_val:164 |       └── Kappa: 0.306642
2025-08-20 13:16:39 | petfinder_original |     INFO | train_val:184 |       🏆 ¡NUEVO MEJOR MODELO!
2025-08-20 13:16:41 | petfinder_original |     INFO | train_val:185 |          ├── Mejor Accuracy: 35.78%
2025-08-20 13:16:41 | petfinder_original |     INFO | train_val:186 |          └── Mejor Kappa: 0.306642
2025-08-20 13:16:41 | petfinder_original |     INFO | train_val:220 |    ⏱️  Época 1 completada en 1375.8s
2025-08-20 13:16:41 | petfinder_original |     INFO | train_val:69 | 
2025-08-20 13:16:41 | petfinder_original |     INFO | train_val:70 | 📊 ÉPOCA 2/2
2025-08-20 13:16:41 | petfinder_original |     INFO | train_val:71 |    └── Tiempo actual: 13:16:41
